/Users/ehoi/STM32CubeIDE/line_tracer/Main/Src/button.c:20:6:Button_Init_Internal	24	static
/Users/ehoi/STM32CubeIDE/line_tracer/Main/Src/button.c:29:22:Button_Get_Event	32	static
/Users/ehoi/STM32CubeIDE/line_tracer/Main/Src/button.c:79:13:Button_Get_Input	16	static
/Users/ehoi/STM32CubeIDE/line_tracer/Main/Src/button.c:100:6:Button_IsCenterPressed	8	static
/Users/ehoi/STM32CubeIDE/line_tracer/Main/Src/button.c:105:6:Button_IgnoreCenterUntilRelease	4	static
/Users/ehoi/STM32CubeIDE/line_tracer/Main/Src/button.c:110:6:Button_Wait_Release	16	static
/Users/ehoi/STM32CubeIDE/line_tracer/Main/Src/button.c:114:6:MX_Button_Init	32	static
