/Users/ehoi/STM32CubeIDE/line_tracer_2026/Main/Src/drive.c:202:13:FirstDrive_FinalizeSecondDriveStats	24	static
/Users/ehoi/STM32CubeIDE/line_tracer_2026/Main/Src/drive.c:218:13:Drive_HasCompletedMap	8	static
/Users/ehoi/STM32CubeIDE/line_tracer_2026/Main/Src/drive.c:224:17:FirstDrive_SaturateU16	16	static
/Users/ehoi/STM32CubeIDE/line_tracer_2026/Main/Src/drive.c:229:13:FirstDrive_IncrementU16	16	static
/Users/ehoi/STM32CubeIDE/line_tracer_2026/Main/Src/drive.c:236:13:FirstDrive_MarkerCandidateAddReason	16	static
/Users/ehoi/STM32CubeIDE/line_tracer_2026/Main/Src/drive.c:246:13:FirstDrive_RecordMarkerCandidateEpisode	24	static
/Users/ehoi/STM32CubeIDE/line_tracer_2026/Main/Src/drive.c:315:13:FirstDrive_MarkerCandidateObserve	24	static
/Users/ehoi/STM32CubeIDE/line_tracer_2026/Main/Src/drive.c:337:13:FirstDrive_MarkerCandidateAccept	4	static
/Users/ehoi/STM32CubeIDE/line_tracer_2026/Main/Src/drive.c:344:13:FirstDrive_MarkerCandidateMaybeFinalize	16	static
/Users/ehoi/STM32CubeIDE/line_tracer_2026/Main/Src/drive.c:362:13:FirstDrive_MarkerCandidateForceFinalize	24	static
/Users/ehoi/STM32CubeIDE/line_tracer_2026/Main/Src/drive.c:449:13:FirstDrive_ResetRunRuntime	8	static
/Users/ehoi/STM32CubeIDE/line_tracer_2026/Main/Src/drive.c:494:13:FirstDrive_StartLossEpisode	16	static
/Users/ehoi/STM32CubeIDE/line_tracer_2026/Main/Src/drive.c:507:13:FirstDrive_FinishLossEpisode	24	static
/Users/ehoi/STM32CubeIDE/line_tracer_2026/Main/Src/drive.c:526:13:FirstDrive_RecordSpeedSampleValues	32	static
/Users/ehoi/STM32CubeIDE/line_tracer_2026/Main/Src/drive.c:551:13:FirstDrive_RecordEdgeDwell	24	static
/Users/ehoi/STM32CubeIDE/line_tracer_2026/Main/Src/drive.c:568:13:FirstDrive_CaptureStopSnapshot	24	static
/Users/ehoi/STM32CubeIDE/line_tracer_2026/Main/Src/drive.c:611:13:FirstDrive_FinalizeRunRecord	456	static
/Users/ehoi/STM32CubeIDE/line_tracer_2026/Main/Src/drive.c:717:13:FirstDrive_SetFault	24	static
/Users/ehoi/STM32CubeIDE/line_tracer_2026/Main/Src/drive.c:741:13:FirstDrive_StopAtEndMarker	24	static
/Users/ehoi/STM32CubeIDE/line_tracer_2026/Main/Src/drive.c:799:13:FirstDrive_IsControlState	16	static
/Users/ehoi/STM32CubeIDE/line_tracer_2026/Main/Src/drive.c:808:13:FirstDrive_StepBefore	16	static
/Users/ehoi/STM32CubeIDE/line_tracer_2026/Main/Src/drive.c:813:13:FirstDrive_CrossTailGapWithin	24	static
/Users/ehoi/STM32CubeIDE/line_tracer_2026/Main/Src/drive.c:828:13:FirstDrive_ResetCrossTailGuard	4	static
/Users/ehoi/STM32CubeIDE/line_tracer_2026/Main/Src/drive.c:837:13:FirstDrive_UpdateCrossTailGuard	16	static
/Users/ehoi/STM32CubeIDE/line_tracer_2026/Main/Src/drive.c:851:13:FirstDrive_CrossTailGuardContainsStep	16	static
/Users/ehoi/STM32CubeIDE/line_tracer_2026/Main/Src/drive.c:858:13:FirstDrive_StartCrossTailGuard	16	static
/Users/ehoi/STM32CubeIDE/line_tracer_2026/Main/Src/drive.c:876:13:FirstDrive_IsDefensiveCrossTail	16	static
/Users/ehoi/STM32CubeIDE/line_tracer_2026/Main/Src/drive.c:888:13:FirstDrive_IsEndMarkerEvent	16	static
/Users/ehoi/STM32CubeIDE/line_tracer_2026/Main/Src/drive.c:898:32:FirstDrive_ClassifyMarkerEvent	16	static
/Users/ehoi/STM32CubeIDE/line_tracer_2026/Main/Src/drive.c:923:13:FirstDrive_RecordPublishedMarker	16	static
/Users/ehoi/STM32CubeIDE/line_tracer_2026/Main/Src/drive.c:964:13:FirstDrive_UpdateTrackDiagnostics	24	static
/Users/ehoi/STM32CubeIDE/line_tracer_2026/Main/Src/drive.c:983:17:FirstDrive_AbsolutePosition	16	static
/Users/ehoi/STM32CubeIDE/line_tracer_2026/Main/Src/drive.c:988:17:FirstDrive_PositionDistance	24	static
/Users/ehoi/STM32CubeIDE/line_tracer_2026/Main/Src/drive.c:996:16:FirstDrive_ApplyPositionDeadband	16	static
/Users/ehoi/STM32CubeIDE/line_tracer_2026/Main/Src/drive.c:1002:16:FirstDrive_SlewValue	24	static
/Users/ehoi/STM32CubeIDE/line_tracer_2026/Main/Src/drive.c:1014:17:FirstDrive_RampCommonSpeed	24	static
/Users/ehoi/STM32CubeIDE/line_tracer_2026/Main/Src/drive.c:1032:15:FirstDrive_CourseDirection	16	static
/Users/ehoi/STM32CubeIDE/line_tracer_2026/Main/Src/drive.c:1048:13:FirstDrive_RecordPhaseTransition	24	static
/Users/ehoi/STM32CubeIDE/line_tracer_2026/Main/Src/drive.c:1071:13:FirstDrive_RecordMarkerEvent	32	static
/Users/ehoi/STM32CubeIDE/line_tracer_2026/Main/Src/drive.c:1104:13:FirstDrive_RefreshMarkerEventLog	24	static
/Users/ehoi/STM32CubeIDE/line_tracer_2026/Main/Src/drive.c:1130:13:FirstDrive_SetCoursePhase	24	static
/Users/ehoi/STM32CubeIDE/line_tracer_2026/Main/Src/drive.c:1180:13:FirstDrive_HandleDirectionalMarker	24	static
/Users/ehoi/STM32CubeIDE/line_tracer_2026/Main/Src/drive.c:1214:13:FirstDrive_FilterMarkerSpill	24	static
/Users/ehoi/STM32CubeIDE/line_tracer_2026/Main/Src/drive.c:1249:13:FirstDrive_SelectTrackedCluster	32	static
/Users/ehoi/STM32CubeIDE/line_tracer_2026/Main/Src/drive.c:1293:13:FirstDrive_UpdateBridgeRecovery	24	static
/Users/ehoi/STM32CubeIDE/line_tracer_2026/Main/Src/drive.c:1323:16:FirstDrive_GetMarkerEdges	24	static
/Users/ehoi/STM32CubeIDE/line_tracer_2026/Main/Src/drive.c:1365:13:FirstDrive_SetProvisionalMarker	16	static
/Users/ehoi/STM32CubeIDE/line_tracer_2026/Main/Src/drive.c:1375:13:FirstDrive_ProcessMarker	40	static
/Users/ehoi/STM32CubeIDE/line_tracer_2026/Main/Src/drive.c:1572:13:FirstDrive_UpdateCourseState	32	static
/Users/ehoi/STM32CubeIDE/line_tracer_2026/Main/Src/drive.c:1635:13:FirstDrive_UpdateEdgeWatchdog	48	static
/Users/ehoi/STM32CubeIDE/line_tracer_2026/Main/Src/drive.c:1697:17:FirstDrive_ClampSps	24	static
/Users/ehoi/STM32CubeIDE/line_tracer_2026/Main/Src/drive.c:1714:17:FirstDrive_GetTargetBaseSps	56	static
/Users/ehoi/STM32CubeIDE/line_tracer_2026/Main/Src/drive.c:1778:17:FirstDrive_GetLineLostLimitMs	16	static
/Users/ehoi/STM32CubeIDE/line_tracer_2026/Main/Src/drive.c:1806:16:FirstDrive_GetTurnFeedforwardQ15	24	static
/Users/ehoi/STM32CubeIDE/line_tracer_2026/Main/Src/drive.c:1829:13:FirstDrive_UpdateMotorCommand	112	static
/Users/ehoi/STM32CubeIDE/line_tracer_2026/Main/Src/drive.c:2115:13:FirstDrive_LaunchAfterCountdown	88	static
/Users/ehoi/STM32CubeIDE/line_tracer_2026/Main/Src/drive.c:2195:13:FirstDrive_UpdateCountdown	96	static
/Users/ehoi/STM32CubeIDE/line_tracer_2026/Main/Src/drive.c:2241:13:FirstDrive_ProcessNewFrame	96	static
/Users/ehoi/STM32CubeIDE/line_tracer_2026/Main/Src/drive.c:2276:13:FirstDrive_ControlTick	24	static
/Users/ehoi/STM32CubeIDE/line_tracer_2026/Main/Src/drive.c:2306:13:Drive_InitCommon	24	static
/Users/ehoi/STM32CubeIDE/line_tracer_2026/Main/Src/drive.c:2384:6:FirstDrive_Init	8	static
/Users/ehoi/STM32CubeIDE/line_tracer_2026/Main/Src/drive.c:2389:6:SecondDrive_Init	8	static
/Users/ehoi/STM32CubeIDE/line_tracer_2026/Main/Src/drive.c:2394:13:Drive_ArmCommon	16	static
/Users/ehoi/STM32CubeIDE/line_tracer_2026/Main/Src/drive.c:2411:6:FirstDrive_Arm	8	static
/Users/ehoi/STM32CubeIDE/line_tracer_2026/Main/Src/drive.c:2416:6:SecondDrive_Arm	8	static
/Users/ehoi/STM32CubeIDE/line_tracer_2026/Main/Src/drive.c:2428:13:Drive_StartCommon	104	static
/Users/ehoi/STM32CubeIDE/line_tracer_2026/Main/Src/drive.c:2587:6:FirstDrive_Start	8	static
/Users/ehoi/STM32CubeIDE/line_tracer_2026/Main/Src/drive.c:2592:6:SecondDrive_Start	8	static
/Users/ehoi/STM32CubeIDE/line_tracer_2026/Main/Src/drive.c:2597:6:FirstDrive_EmergencyStop	16	static
/Users/ehoi/STM32CubeIDE/line_tracer_2026/Main/Src/drive.c:2631:6:FirstDrive_Stop	8	static
/Users/ehoi/STM32CubeIDE/line_tracer_2026/Main/Src/drive.c:2636:6:SecondDrive_EmergencyStop	8	static
/Users/ehoi/STM32CubeIDE/line_tracer_2026/Main/Src/drive.c:2643:6:SecondDrive_Stop	8	static
/Users/ehoi/STM32CubeIDE/line_tracer_2026/Main/Src/drive.c:2648:6:FirstDrive_Process	24	static
/Users/ehoi/STM32CubeIDE/line_tracer_2026/Main/Src/drive.c:2689:6:SecondDrive_Process	8	static
/Users/ehoi/STM32CubeIDE/line_tracer_2026/Main/Src/drive.c:2696:19:FirstDrive_GetState	4	static
/Users/ehoi/STM32CubeIDE/line_tracer_2026/Main/Src/drive.c:2701:19:FirstDrive_GetFault	4	static
/Users/ehoi/STM32CubeIDE/line_tracer_2026/Main/Src/drive.c:2706:19:SecondDrive_GetState	4	static
/Users/ehoi/STM32CubeIDE/line_tracer_2026/Main/Src/drive.c:2712:19:SecondDrive_GetFault	4	static
/Users/ehoi/STM32CubeIDE/line_tracer_2026/Main/Src/drive.c:2718:6:FirstDrive_GetTelemetry	16	static
/Users/ehoi/STM32CubeIDE/line_tracer_2026/Main/Src/drive.c:2728:6:FirstDrive_GetRunRecord	432	static
/Users/ehoi/STM32CubeIDE/line_tracer_2026/Main/Src/drive.c:2748:6:SecondDrive_GetTelemetry	16	static
/Users/ehoi/STM32CubeIDE/line_tracer_2026/Main/Src/drive.c:2757:27:FirstDrive_GetConfig	4	static
/Users/ehoi/STM32CubeIDE/line_tracer_2026/Main/Src/drive.c:2762:6:FirstDrive_SetPdGains	16	static
/Users/ehoi/STM32CubeIDE/line_tracer_2026/Main/Src/drive.c:2774:6:FirstDrive_SetMotorTrim	16	static
/Users/ehoi/STM32CubeIDE/line_tracer_2026/Main/Src/drive.c:2785:6:FirstDrive_SetCurveCruiseSps	16	static
/Users/ehoi/STM32CubeIDE/line_tracer_2026/Main/Src/drive.c:2806:10:FirstDrive_GetEffectiveCurveFloorSps	16	static
/Users/ehoi/STM32CubeIDE/line_tracer_2026/Main/Src/drive.c:2817:6:HAL_TIM7_IRQ_Handler	8	static
