/Users/ehoi/STM32CubeIDE/line_tracer/Main/Src/drive.c:140:13:Drive_HasCompletedMap	8	static
/Users/ehoi/STM32CubeIDE/line_tracer/Main/Src/drive.c:146:13:FirstDrive_SetFault	16	static
/Users/ehoi/STM32CubeIDE/line_tracer/Main/Src/drive.c:162:13:FirstDrive_StopAtEndMarker	8	static
/Users/ehoi/STM32CubeIDE/line_tracer/Main/Src/drive.c:186:13:FirstDrive_IsControlState	16	static
/Users/ehoi/STM32CubeIDE/line_tracer/Main/Src/drive.c:195:13:FirstDrive_StepBefore	16	static
/Users/ehoi/STM32CubeIDE/line_tracer/Main/Src/drive.c:200:17:FirstDrive_AbsolutePosition	16	static
/Users/ehoi/STM32CubeIDE/line_tracer/Main/Src/drive.c:205:17:FirstDrive_PositionDistance	24	static
/Users/ehoi/STM32CubeIDE/line_tracer/Main/Src/drive.c:213:16:FirstDrive_ApplyPositionDeadband	16	static
/Users/ehoi/STM32CubeIDE/line_tracer/Main/Src/drive.c:219:16:FirstDrive_SlewValue	24	static
/Users/ehoi/STM32CubeIDE/line_tracer/Main/Src/drive.c:231:17:FirstDrive_RampCommonSpeed	24	static
/Users/ehoi/STM32CubeIDE/line_tracer/Main/Src/drive.c:249:15:FirstDrive_CourseDirection	16	static
/Users/ehoi/STM32CubeIDE/line_tracer/Main/Src/drive.c:265:13:FirstDrive_RecordPhaseTransition	24	static
/Users/ehoi/STM32CubeIDE/line_tracer/Main/Src/drive.c:288:13:FirstDrive_RecordMarkerEvent	24	static
/Users/ehoi/STM32CubeIDE/line_tracer/Main/Src/drive.c:308:13:FirstDrive_SetCoursePhase	24	static
/Users/ehoi/STM32CubeIDE/line_tracer/Main/Src/drive.c:358:13:FirstDrive_HandleDirectionalMarker	24	static
/Users/ehoi/STM32CubeIDE/line_tracer/Main/Src/drive.c:392:13:FirstDrive_FilterMarkerSpill	24	static
/Users/ehoi/STM32CubeIDE/line_tracer/Main/Src/drive.c:427:13:FirstDrive_SelectTrackedCluster	32	static
/Users/ehoi/STM32CubeIDE/line_tracer/Main/Src/drive.c:471:13:FirstDrive_UpdateBridgeRecovery	24	static
/Users/ehoi/STM32CubeIDE/line_tracer/Main/Src/drive.c:501:16:FirstDrive_GetMarkerEdges	24	static
/Users/ehoi/STM32CubeIDE/line_tracer/Main/Src/drive.c:523:13:FirstDrive_SetProvisionalMarker	16	static
/Users/ehoi/STM32CubeIDE/line_tracer/Main/Src/drive.c:533:13:FirstDrive_ProcessMarker	40	static
/Users/ehoi/STM32CubeIDE/line_tracer/Main/Src/drive.c:669:13:FirstDrive_UpdateCourseState	32	static
/Users/ehoi/STM32CubeIDE/line_tracer/Main/Src/drive.c:732:13:FirstDrive_UpdateEdgeWatchdog	48	static
/Users/ehoi/STM32CubeIDE/line_tracer/Main/Src/drive.c:793:17:FirstDrive_ClampSps	24	static
/Users/ehoi/STM32CubeIDE/line_tracer/Main/Src/drive.c:810:17:FirstDrive_GetTargetBaseSps	40	static
/Users/ehoi/STM32CubeIDE/line_tracer/Main/Src/drive.c:859:17:FirstDrive_GetLineLostLimitMs	16	static
/Users/ehoi/STM32CubeIDE/line_tracer/Main/Src/drive.c:887:16:FirstDrive_GetTurnFeedforwardQ15	24	static
/Users/ehoi/STM32CubeIDE/line_tracer/Main/Src/drive.c:910:13:FirstDrive_UpdateMotorCommand	96	static
/Users/ehoi/STM32CubeIDE/line_tracer/Main/Src/drive.c:1179:13:FirstDrive_LaunchAfterCountdown	88	static
/Users/ehoi/STM32CubeIDE/line_tracer/Main/Src/drive.c:1253:13:FirstDrive_UpdateCountdown	96	static
/Users/ehoi/STM32CubeIDE/line_tracer/Main/Src/drive.c:1299:13:FirstDrive_ProcessNewFrame	96	static
/Users/ehoi/STM32CubeIDE/line_tracer/Main/Src/drive.c:1334:13:FirstDrive_ControlTick	24	static
/Users/ehoi/STM32CubeIDE/line_tracer/Main/Src/drive.c:1364:13:Drive_InitCommon	24	static
/Users/ehoi/STM32CubeIDE/line_tracer/Main/Src/drive.c:1436:6:FirstDrive_Init	8	static
/Users/ehoi/STM32CubeIDE/line_tracer/Main/Src/drive.c:1441:6:SecondDrive_Init	8	static
/Users/ehoi/STM32CubeIDE/line_tracer/Main/Src/drive.c:1446:13:Drive_ArmCommon	16	static
/Users/ehoi/STM32CubeIDE/line_tracer/Main/Src/drive.c:1463:6:FirstDrive_Arm	8	static
/Users/ehoi/STM32CubeIDE/line_tracer/Main/Src/drive.c:1468:6:SecondDrive_Arm	8	static
/Users/ehoi/STM32CubeIDE/line_tracer/Main/Src/drive.c:1480:13:Drive_StartCommon	104	static
/Users/ehoi/STM32CubeIDE/line_tracer/Main/Src/drive.c:1628:6:FirstDrive_Start	8	static
/Users/ehoi/STM32CubeIDE/line_tracer/Main/Src/drive.c:1633:6:SecondDrive_Start	8	static
/Users/ehoi/STM32CubeIDE/line_tracer/Main/Src/drive.c:1638:6:FirstDrive_EmergencyStop	8	static
/Users/ehoi/STM32CubeIDE/line_tracer/Main/Src/drive.c:1654:6:FirstDrive_Stop	8	static
/Users/ehoi/STM32CubeIDE/line_tracer/Main/Src/drive.c:1659:6:SecondDrive_EmergencyStop	8	static
/Users/ehoi/STM32CubeIDE/line_tracer/Main/Src/drive.c:1666:6:SecondDrive_Stop	8	static
/Users/ehoi/STM32CubeIDE/line_tracer/Main/Src/drive.c:1671:6:FirstDrive_Process	16	static
/Users/ehoi/STM32CubeIDE/line_tracer/Main/Src/drive.c:1697:6:SecondDrive_Process	8	static
/Users/ehoi/STM32CubeIDE/line_tracer/Main/Src/drive.c:1704:19:FirstDrive_GetState	4	static
/Users/ehoi/STM32CubeIDE/line_tracer/Main/Src/drive.c:1709:19:FirstDrive_GetFault	4	static
/Users/ehoi/STM32CubeIDE/line_tracer/Main/Src/drive.c:1714:19:SecondDrive_GetState	4	static
/Users/ehoi/STM32CubeIDE/line_tracer/Main/Src/drive.c:1720:19:SecondDrive_GetFault	4	static
/Users/ehoi/STM32CubeIDE/line_tracer/Main/Src/drive.c:1726:6:FirstDrive_GetTelemetry	16	static,ignoring_inline_asm
/Users/ehoi/STM32CubeIDE/line_tracer/Main/Src/drive.c:1736:6:SecondDrive_GetTelemetry	16	static
/Users/ehoi/STM32CubeIDE/line_tracer/Main/Src/drive.c:1745:27:FirstDrive_GetConfig	4	static
/Users/ehoi/STM32CubeIDE/line_tracer/Main/Src/drive.c:1750:6:FirstDrive_SetPdGains	16	static
/Users/ehoi/STM32CubeIDE/line_tracer/Main/Src/drive.c:1762:6:FirstDrive_SetMotorTrim	16	static
/Users/ehoi/STM32CubeIDE/line_tracer/Main/Src/drive.c:1773:6:HAL_TIM7_IRQ_Handler	8	static
