/Users/ehoi/STM32CubeIDE/line_tracer/Main/Src/menu.c:184:13:Menu_FillScreen	32	static
/Users/ehoi/STM32CubeIDE/line_tracer/Main/Src/menu.c:190:13:Menu_DrawText	40	static
/Users/ehoi/STM32CubeIDE/line_tracer/Main/Src/menu.c:204:13:Menu_UpdateVisibleWindow	4	static
/Users/ehoi/STM32CubeIDE/line_tracer/Main/Src/menu.c:213:13:Menu_DrawMain	80	static
/Users/ehoi/STM32CubeIDE/line_tracer/Main/Src/menu.c:284:20:Menu_FirstDriveStateName	16	static
/Users/ehoi/STM32CubeIDE/line_tracer/Main/Src/menu.c:303:20:Menu_FirstDriveFaultName	16	static
/Users/ehoi/STM32CubeIDE/line_tracer/Main/Src/menu.c:319:20:Menu_FirstDriveCourseName	16	static
/Users/ehoi/STM32CubeIDE/line_tracer/Main/Src/menu.c:333:20:Menu_FirstDriveMarkerName	16	static
/Users/ehoi/STM32CubeIDE/line_tracer/Main/Src/menu.c:345:20:Menu_FirstDrivePhaseReasonName	16	static
/Users/ehoi/STM32CubeIDE/line_tracer/Main/Src/menu.c:362:13:Menu_DrawPdTuning	88	static
/Users/ehoi/STM32CubeIDE/line_tracer/Main/Src/menu.c:413:13:Menu_ChangePdGain	32	static
/Users/ehoi/STM32CubeIDE/line_tracer/Main/Src/menu.c:450:13:Menu_FirstDriveIsActive	16	static
/Users/ehoi/STM32CubeIDE/line_tracer/Main/Src/menu.c:462:13:Menu_ResetFirstDriveLines	16	static
/Users/ehoi/STM32CubeIDE/line_tracer/Main/Src/menu.c:474:13:Menu_DrawFirstDriveLine	96	static
/Users/ehoi/STM32CubeIDE/line_tracer/Main/Src/menu.c:522:13:Menu_EnsureFirstDrivePreview	16	static
/Users/ehoi/STM32CubeIDE/line_tracer/Main/Src/menu.c:536:13:Menu_DrawFirstDrivePreviewScale	32	static
/Users/ehoi/STM32CubeIDE/line_tracer/Main/Src/menu.c:556:13:Menu_UpdateFirstDrivePreview	168	static
/Users/ehoi/STM32CubeIDE/line_tracer/Main/Src/menu.c:621:13:Menu_RenderFirstDrive	288	static
/Users/ehoi/STM32CubeIDE/line_tracer/Main/Src/menu.c:847:13:Menu_DrawFirstDrive	24	static
/Users/ehoi/STM32CubeIDE/line_tracer/Main/Src/menu.c:860:13:Menu_UpdateFirstDrive	24	static
/Users/ehoi/STM32CubeIDE/line_tracer/Main/Src/menu.c:898:20:Menu_SecondDriveSegmentName	16	static
/Users/ehoi/STM32CubeIDE/line_tracer/Main/Src/menu.c:909:13:Menu_RenderSecondDrive	288	static
/Users/ehoi/STM32CubeIDE/line_tracer/Main/Src/menu.c:1049:13:Menu_DrawSecondDrive	24	static
/Users/ehoi/STM32CubeIDE/line_tracer/Main/Src/menu.c:1059:13:Menu_ChangeSecondDriveSetting	32	static
/Users/ehoi/STM32CubeIDE/line_tracer/Main/Src/menu.c:1093:13:Menu_UpdateSecondDrive	16	static
/Users/ehoi/STM32CubeIDE/line_tracer/Main/Src/menu.c:1112:13:Menu_UpdateSensorRaw	144	static
/Users/ehoi/STM32CubeIDE/line_tracer/Main/Src/menu.c:1266:13:Menu_ResetSensorRawDisplay	32	static
/Users/ehoi/STM32CubeIDE/line_tracer/Main/Src/menu.c:1289:13:Menu_DrawSensorLightMode	56	static
/Users/ehoi/STM32CubeIDE/line_tracer/Main/Src/menu.c:1314:13:Menu_ApplySensorLightMode	8	static
/Users/ehoi/STM32CubeIDE/line_tracer/Main/Src/menu.c:1321:13:Menu_DrawSensorRaw	24	static
/Users/ehoi/STM32CubeIDE/line_tracer/Main/Src/menu.c:1334:13:Menu_ChangeSensorParameter	24	static
/Users/ehoi/STM32CubeIDE/line_tracer/Main/Src/menu.c:1355:13:Menu_ChangeSensorLightMode	8	static
/Users/ehoi/STM32CubeIDE/line_tracer/Main/Src/menu.c:1370:13:Menu_DrawCalibrationHeader	24	static
/Users/ehoi/STM32CubeIDE/line_tracer/Main/Src/menu.c:1379:13:Menu_DrawCalibrationReady	16	static
/Users/ehoi/STM32CubeIDE/line_tracer/Main/Src/menu.c:1394:13:Menu_DrawCalibrationCollecting	32	static
/Users/ehoi/STM32CubeIDE/line_tracer/Main/Src/menu.c:1417:13:Menu_UpdateCalibrationCollecting	152	static
/Users/ehoi/STM32CubeIDE/line_tracer/Main/Src/menu.c:1576:13:Menu_DrawCalibrationResult	104	static
/Users/ehoi/STM32CubeIDE/line_tracer/Main/Src/menu.c:1621:13:Menu_StartCalibration	8	static
/Users/ehoi/STM32CubeIDE/line_tracer/Main/Src/menu.c:1637:13:Menu_FinishCalibration	16	static
/Users/ehoi/STM32CubeIDE/line_tracer/Main/Src/menu.c:1814:13:Menu_UpdateSensorState	104	static
/Users/ehoi/STM32CubeIDE/line_tracer/Main/Src/menu.c:1960:13:Menu_ResetSensorStateDisplay	32	static
/Users/ehoi/STM32CubeIDE/line_tracer/Main/Src/menu.c:1984:13:Menu_DrawSensorState	24	static
/Users/ehoi/STM32CubeIDE/line_tracer/Main/Src/menu.c:2258:20:Menu_GetMotorTargetName	16	static
/Users/ehoi/STM32CubeIDE/line_tracer/Main/Src/menu.c:2269:13:Menu_DrawMotorPhase	72	static
/Users/ehoi/STM32CubeIDE/line_tracer/Main/Src/menu.c:2335:13:Menu_ChangeMotorPhaseTarget	16	static
/Users/ehoi/STM32CubeIDE/line_tracer/Main/Src/menu.c:2354:13:Menu_ChangeMotorPhase	16	static
/Users/ehoi/STM32CubeIDE/line_tracer/Main/Src/menu.c:2371:13:Menu_ToggleMotorPhaseArm	8	static
/Users/ehoi/STM32CubeIDE/line_tracer/Main/Src/menu.c:2389:13:Menu_UpdateMotorPhaseSafety	8	static
/Users/ehoi/STM32CubeIDE/line_tracer/Main/Src/menu.c:2401:17:Menu_MotorSpeedMpsX100	16	static
/Users/ehoi/STM32CubeIDE/line_tracer/Main/Src/menu.c:2409:13:Menu_DrawMotorSpeedRuntime	88	static
/Users/ehoi/STM32CubeIDE/line_tracer/Main/Src/menu.c:2447:13:Menu_DrawMotorSpeed	80	static
/Users/ehoi/STM32CubeIDE/line_tracer/Main/Src/menu.c:2509:13:Menu_ChangeMotorSpeed	16	static
/Users/ehoi/STM32CubeIDE/line_tracer/Main/Src/menu.c:2527:13:Menu_ToggleMotorSpeed	8	static
/Users/ehoi/STM32CubeIDE/line_tracer/Main/Src/menu.c:2554:13:Menu_UpdateMotorSpeedSafety	16	static
/Users/ehoi/STM32CubeIDE/line_tracer/Main/Src/menu.c:2597:13:Menu_MoveSelection	16	static
/Users/ehoi/STM32CubeIDE/line_tracer/Main/Src/menu.c:2610:6:Main_Menu	16	static
