/Users/ehoi/STM32CubeIDE/line_tracer_2026/Main/Src/menu.c:184:13:Menu_FillScreen	32	static
/Users/ehoi/STM32CubeIDE/line_tracer_2026/Main/Src/menu.c:190:13:Menu_DrawText	40	static
/Users/ehoi/STM32CubeIDE/line_tracer_2026/Main/Src/menu.c:204:13:Menu_UpdateVisibleWindow	4	static
/Users/ehoi/STM32CubeIDE/line_tracer_2026/Main/Src/menu.c:213:13:Menu_DrawMain	80	static
/Users/ehoi/STM32CubeIDE/line_tracer_2026/Main/Src/menu.c:284:20:Menu_FirstDriveStateName	16	static
/Users/ehoi/STM32CubeIDE/line_tracer_2026/Main/Src/menu.c:303:20:Menu_FirstDriveFaultName	16	static
/Users/ehoi/STM32CubeIDE/line_tracer_2026/Main/Src/menu.c:319:20:Menu_FirstDriveCourseName	16	static
/Users/ehoi/STM32CubeIDE/line_tracer_2026/Main/Src/menu.c:333:20:Menu_FirstDriveMarkerName	16	static
/Users/ehoi/STM32CubeIDE/line_tracer_2026/Main/Src/menu.c:345:20:Menu_FirstDrivePhaseReasonName	16	static
/Users/ehoi/STM32CubeIDE/line_tracer_2026/Main/Src/menu.c:362:13:Menu_DrawPdTuning	88	static
/Users/ehoi/STM32CubeIDE/line_tracer_2026/Main/Src/menu.c:413:13:Menu_ChangePdGain	32	static
/Users/ehoi/STM32CubeIDE/line_tracer_2026/Main/Src/menu.c:450:13:Menu_FirstDriveIsActive	16	static
/Users/ehoi/STM32CubeIDE/line_tracer_2026/Main/Src/menu.c:462:13:Menu_ResetFirstDriveLines	16	static
/Users/ehoi/STM32CubeIDE/line_tracer_2026/Main/Src/menu.c:474:13:Menu_DrawFirstDriveLine	96	static
/Users/ehoi/STM32CubeIDE/line_tracer_2026/Main/Src/menu.c:522:13:Menu_EnsureFirstDrivePreview	16	static
/Users/ehoi/STM32CubeIDE/line_tracer_2026/Main/Src/menu.c:536:13:Menu_DrawFirstDrivePreviewScale	32	static
/Users/ehoi/STM32CubeIDE/line_tracer_2026/Main/Src/menu.c:556:13:Menu_UpdateFirstDrivePreview	168	static
/Users/ehoi/STM32CubeIDE/line_tracer_2026/Main/Src/menu.c:621:13:Menu_RenderFirstDrive	384	static
/Users/ehoi/STM32CubeIDE/line_tracer_2026/Main/Src/menu.c:848:13:Menu_DrawFirstDrive	24	static
/Users/ehoi/STM32CubeIDE/line_tracer_2026/Main/Src/menu.c:861:13:Menu_UpdateFirstDrive	24	static
/Users/ehoi/STM32CubeIDE/line_tracer_2026/Main/Src/menu.c:899:20:Menu_SecondDriveSegmentName	16	static
/Users/ehoi/STM32CubeIDE/line_tracer_2026/Main/Src/menu.c:910:20:Menu_SecondDriveSyncName	16	static
/Users/ehoi/STM32CubeIDE/line_tracer_2026/Main/Src/menu.c:920:20:Menu_SecondDriveMismatchName	16	static
/Users/ehoi/STM32CubeIDE/line_tracer_2026/Main/Src/menu.c:935:13:Menu_RenderSecondDrive	400	static
/Users/ehoi/STM32CubeIDE/line_tracer_2026/Main/Src/menu.c:1104:13:Menu_DrawSecondDrive	24	static
/Users/ehoi/STM32CubeIDE/line_tracer_2026/Main/Src/menu.c:1114:13:Menu_ChangeSecondDriveSetting	32	static
/Users/ehoi/STM32CubeIDE/line_tracer_2026/Main/Src/menu.c:1148:13:Menu_UpdateSecondDrive	16	static
/Users/ehoi/STM32CubeIDE/line_tracer_2026/Main/Src/menu.c:1167:13:Menu_UpdateSensorRaw	144	static
/Users/ehoi/STM32CubeIDE/line_tracer_2026/Main/Src/menu.c:1321:13:Menu_ResetSensorRawDisplay	32	static
/Users/ehoi/STM32CubeIDE/line_tracer_2026/Main/Src/menu.c:1344:13:Menu_DrawSensorLightMode	56	static
/Users/ehoi/STM32CubeIDE/line_tracer_2026/Main/Src/menu.c:1369:13:Menu_ApplySensorLightMode	8	static
/Users/ehoi/STM32CubeIDE/line_tracer_2026/Main/Src/menu.c:1376:13:Menu_DrawSensorRaw	24	static
/Users/ehoi/STM32CubeIDE/line_tracer_2026/Main/Src/menu.c:1389:13:Menu_ChangeSensorParameter	24	static
/Users/ehoi/STM32CubeIDE/line_tracer_2026/Main/Src/menu.c:1410:13:Menu_ChangeSensorLightMode	8	static
/Users/ehoi/STM32CubeIDE/line_tracer_2026/Main/Src/menu.c:1425:13:Menu_DrawCalibrationHeader	24	static
/Users/ehoi/STM32CubeIDE/line_tracer_2026/Main/Src/menu.c:1434:13:Menu_DrawCalibrationReady	16	static
/Users/ehoi/STM32CubeIDE/line_tracer_2026/Main/Src/menu.c:1449:13:Menu_DrawCalibrationCollecting	32	static
/Users/ehoi/STM32CubeIDE/line_tracer_2026/Main/Src/menu.c:1472:13:Menu_UpdateCalibrationCollecting	160	static
/Users/ehoi/STM32CubeIDE/line_tracer_2026/Main/Src/menu.c:1631:13:Menu_DrawCalibrationResult	104	static
/Users/ehoi/STM32CubeIDE/line_tracer_2026/Main/Src/menu.c:1676:13:Menu_StartCalibration	8	static
/Users/ehoi/STM32CubeIDE/line_tracer_2026/Main/Src/menu.c:1692:13:Menu_FinishCalibration	16	static
/Users/ehoi/STM32CubeIDE/line_tracer_2026/Main/Src/menu.c:1869:13:Menu_UpdateSensorState	104	static
/Users/ehoi/STM32CubeIDE/line_tracer_2026/Main/Src/menu.c:2015:13:Menu_ResetSensorStateDisplay	32	static
/Users/ehoi/STM32CubeIDE/line_tracer_2026/Main/Src/menu.c:2039:13:Menu_DrawSensorState	24	static
/Users/ehoi/STM32CubeIDE/line_tracer_2026/Main/Src/menu.c:2313:20:Menu_GetMotorTargetName	16	static
/Users/ehoi/STM32CubeIDE/line_tracer_2026/Main/Src/menu.c:2324:13:Menu_DrawMotorPhase	72	static
/Users/ehoi/STM32CubeIDE/line_tracer_2026/Main/Src/menu.c:2390:13:Menu_ChangeMotorPhaseTarget	16	static
/Users/ehoi/STM32CubeIDE/line_tracer_2026/Main/Src/menu.c:2409:13:Menu_ChangeMotorPhase	16	static
/Users/ehoi/STM32CubeIDE/line_tracer_2026/Main/Src/menu.c:2426:13:Menu_ToggleMotorPhaseArm	8	static
/Users/ehoi/STM32CubeIDE/line_tracer_2026/Main/Src/menu.c:2444:13:Menu_UpdateMotorPhaseSafety	8	static
/Users/ehoi/STM32CubeIDE/line_tracer_2026/Main/Src/menu.c:2456:17:Menu_MotorSpeedMpsX100	16	static
/Users/ehoi/STM32CubeIDE/line_tracer_2026/Main/Src/menu.c:2464:13:Menu_DrawMotorSpeedRuntime	88	static
/Users/ehoi/STM32CubeIDE/line_tracer_2026/Main/Src/menu.c:2502:13:Menu_DrawMotorSpeed	80	static
/Users/ehoi/STM32CubeIDE/line_tracer_2026/Main/Src/menu.c:2564:13:Menu_ChangeMotorSpeed	16	static
/Users/ehoi/STM32CubeIDE/line_tracer_2026/Main/Src/menu.c:2582:13:Menu_ToggleMotorSpeed	8	static
/Users/ehoi/STM32CubeIDE/line_tracer_2026/Main/Src/menu.c:2609:13:Menu_UpdateMotorSpeedSafety	16	static
/Users/ehoi/STM32CubeIDE/line_tracer_2026/Main/Src/menu.c:2652:13:Menu_MoveSelection	16	static
/Users/ehoi/STM32CubeIDE/line_tracer_2026/Main/Src/menu.c:2665:6:Main_Menu	16	static
