/Users/ehoi/STM32CubeIDE/line_tracer_2026/Main/Src/motor.c:61:13:Motor_WritePattern	24	static
/Users/ehoi/STM32CubeIDE/line_tracer_2026/Main/Src/motor.c:71:13:Motor_AllOutputsOff	8	static
/Users/ehoi/STM32CubeIDE/line_tracer_2026/Main/Src/motor.c:77:13:Motor_ApplyTargetPattern	16	static
/Users/ehoi/STM32CubeIDE/line_tracer_2026/Main/Src/motor.c:85:6:HAL_TIM1_IRQ_Handler	8	static
/Users/ehoi/STM32CubeIDE/line_tracer_2026/Main/Src/motor.c:97:6:HAL_TIM8_IRQ_Handler	8	static
/Users/ehoi/STM32CubeIDE/line_tracer_2026/Main/Src/motor.c:109:13:Motor_ConfigureStepTimer	32	static
/Users/ehoi/STM32CubeIDE/line_tracer_2026/Main/Src/motor.c:141:13:Motor_CalculateReload	32	static
/Users/ehoi/STM32CubeIDE/line_tracer_2026/Main/Src/motor.c:160:13:Motor_UpdateStepTimers	32	static
/Users/ehoi/STM32CubeIDE/line_tracer_2026/Main/Src/motor.c:185:22:Motor_Vref_Set	16	static
/Users/ehoi/STM32CubeIDE/line_tracer_2026/Main/Src/motor.c:191:6:Motor_Start	8	static
/Users/ehoi/STM32CubeIDE/line_tracer_2026/Main/Src/motor.c:206:6:Motor_Stop	8	static
/Users/ehoi/STM32CubeIDE/line_tracer_2026/Main/Src/motor.c:219:9:Motor_GetPhasePattern	16	static
/Users/ehoi/STM32CubeIDE/line_tracer_2026/Main/Src/motor.c:224:6:Motor_PhaseTestArm	16	static
/Users/ehoi/STM32CubeIDE/line_tracer_2026/Main/Src/motor.c:251:6:Motor_PhaseTestSetPhase	24	static
/Users/ehoi/STM32CubeIDE/line_tracer_2026/Main/Src/motor.c:260:6:Motor_PhaseTestDisarm	8	static
/Users/ehoi/STM32CubeIDE/line_tracer_2026/Main/Src/motor.c:265:6:Motor_SpeedTestStart	16	static
/Users/ehoi/STM32CubeIDE/line_tracer_2026/Main/Src/motor.c:311:6:Motor_SpeedTestProcess	24	static
/Users/ehoi/STM32CubeIDE/line_tracer_2026/Main/Src/motor.c:348:6:Motor_SpeedTestIsRunning	4	static
/Users/ehoi/STM32CubeIDE/line_tracer_2026/Main/Src/motor.c:353:10:Motor_SpeedTestGetCurrentSps	4	static
/Users/ehoi/STM32CubeIDE/line_tracer_2026/Main/Src/motor.c:358:6:Motor_SpeedTestStop	8	static
/Users/ehoi/STM32CubeIDE/line_tracer_2026/Main/Src/motor.c:363:6:Motor_DriveStart	16	static
/Users/ehoi/STM32CubeIDE/line_tracer_2026/Main/Src/motor.c:401:6:Motor_DriveSetSpeeds	16	static
/Users/ehoi/STM32CubeIDE/line_tracer_2026/Main/Src/motor.c:411:6:Motor_DriveStop	8	static
/Users/ehoi/STM32CubeIDE/line_tracer_2026/Main/Src/motor.c:416:6:Motor_DriveIsRunning	4	static
/Users/ehoi/STM32CubeIDE/line_tracer_2026/Main/Src/motor.c:421:6:Motor_DriveResetStepCounts	4	static
/Users/ehoi/STM32CubeIDE/line_tracer_2026/Main/Src/motor.c:429:6:Motor_DriveGetStepCounts	16	static
/Users/ehoi/STM32CubeIDE/line_tracer_2026/Main/Src/motor.c:441:10:Motor_DriveGetAverageSteps	16	static
