/Users/ehoi/STM32CubeIDE/line_tracer_2026/Main/Src/motor.c:68:13:Motor_WritePattern	24	static
/Users/ehoi/STM32CubeIDE/line_tracer_2026/Main/Src/motor.c:78:13:Motor_AllOutputsOff	8	static
/Users/ehoi/STM32CubeIDE/line_tracer_2026/Main/Src/motor.c:84:13:Motor_ApplyTargetPattern	16	static
/Users/ehoi/STM32CubeIDE/line_tracer_2026/Main/Src/motor.c:92:6:HAL_TIM1_IRQ_Handler	8	static
/Users/ehoi/STM32CubeIDE/line_tracer_2026/Main/Src/motor.c:104:6:HAL_TIM8_IRQ_Handler	8	static
/Users/ehoi/STM32CubeIDE/line_tracer_2026/Main/Src/motor.c:116:13:Motor_ConfigureStepTimer	32	static
/Users/ehoi/STM32CubeIDE/line_tracer_2026/Main/Src/motor.c:148:13:Motor_CalculateReload	32	static
/Users/ehoi/STM32CubeIDE/line_tracer_2026/Main/Src/motor.c:167:13:Motor_UpdateStepTimers	32	static
/Users/ehoi/STM32CubeIDE/line_tracer_2026/Main/Src/motor.c:192:22:Motor_Vref_Set	16	static
/Users/ehoi/STM32CubeIDE/line_tracer_2026/Main/Src/motor.c:198:6:Motor_Start	8	static
/Users/ehoi/STM32CubeIDE/line_tracer_2026/Main/Src/motor.c:213:6:Motor_Stop	8	static
/Users/ehoi/STM32CubeIDE/line_tracer_2026/Main/Src/motor.c:228:9:Motor_GetPhasePattern	16	static
/Users/ehoi/STM32CubeIDE/line_tracer_2026/Main/Src/motor.c:233:6:Motor_PhaseTestArm	16	static
/Users/ehoi/STM32CubeIDE/line_tracer_2026/Main/Src/motor.c:260:6:Motor_PhaseTestSetPhase	24	static
/Users/ehoi/STM32CubeIDE/line_tracer_2026/Main/Src/motor.c:269:6:Motor_PhaseTestDisarm	8	static
/Users/ehoi/STM32CubeIDE/line_tracer_2026/Main/Src/motor.c:274:6:Motor_SpeedTestStart	16	static
/Users/ehoi/STM32CubeIDE/line_tracer_2026/Main/Src/motor.c:320:6:Motor_SpeedTestProcess	24	static
/Users/ehoi/STM32CubeIDE/line_tracer_2026/Main/Src/motor.c:357:6:Motor_SpeedTestIsRunning	4	static
/Users/ehoi/STM32CubeIDE/line_tracer_2026/Main/Src/motor.c:362:10:Motor_SpeedTestGetCurrentSps	4	static
/Users/ehoi/STM32CubeIDE/line_tracer_2026/Main/Src/motor.c:367:6:Motor_SpeedTestStop	8	static
/Users/ehoi/STM32CubeIDE/line_tracer_2026/Main/Src/motor.c:372:6:Motor_DriveStart	16	static
/Users/ehoi/STM32CubeIDE/line_tracer_2026/Main/Src/motor.c:410:6:Motor_DriveSetSpeeds	16	static
/Users/ehoi/STM32CubeIDE/line_tracer_2026/Main/Src/motor.c:420:6:Motor_DriveBrakeHoldStart	16	static
/Users/ehoi/STM32CubeIDE/line_tracer_2026/Main/Src/motor.c:445:6:Motor_DriveBrakeHoldSetVref	16	static
/Users/ehoi/STM32CubeIDE/line_tracer_2026/Main/Src/motor.c:456:6:Motor_DriveBrakeHoldProcess	16	static
/Users/ehoi/STM32CubeIDE/line_tracer_2026/Main/Src/motor.c:475:6:Motor_DriveBrakeHoldFinish	8	static
/Users/ehoi/STM32CubeIDE/line_tracer_2026/Main/Src/motor.c:480:6:Motor_DriveBrakeHoldIsActive	4	static
/Users/ehoi/STM32CubeIDE/line_tracer_2026/Main/Src/motor.c:485:6:Motor_DriveStop	8	static
/Users/ehoi/STM32CubeIDE/line_tracer_2026/Main/Src/motor.c:490:6:Motor_DriveIsRunning	4	static
/Users/ehoi/STM32CubeIDE/line_tracer_2026/Main/Src/motor.c:495:6:Motor_DriveResetStepCounts	4	static
/Users/ehoi/STM32CubeIDE/line_tracer_2026/Main/Src/motor.c:503:6:Motor_DriveGetStepCounts	16	static
/Users/ehoi/STM32CubeIDE/line_tracer_2026/Main/Src/motor.c:515:10:Motor_DriveGetAverageSteps	16	static
