/Users/ehoi/STM32CubeIDE/line_tracer_2026/Main/Src/second_drive.c:74:13:SecondDrive_StateAllowsConfiguration	16	static
/Users/ehoi/STM32CubeIDE/line_tracer_2026/Main/Src/second_drive.c:80:17:SecondDrive_ScalePerformanceSps	24	static
/Users/ehoi/STM32CubeIDE/line_tracer_2026/Main/Src/second_drive.c:110:17:SecondDrive_ScaleProfileValue	24	static
/Users/ehoi/STM32CubeIDE/line_tracer_2026/Main/Src/second_drive.c:118:13:SecondDrive_RecomputeEffectiveProfile	8	static
/Users/ehoi/STM32CubeIDE/line_tracer_2026/Main/Src/second_drive.c:132:13:SecondDrive_IncrementU8	16	static
/Users/ehoi/STM32CubeIDE/line_tracer_2026/Main/Src/second_drive.c:139:13:SecondDrive_IncrementU16	16	static
/Users/ehoi/STM32CubeIDE/line_tracer_2026/Main/Src/second_drive.c:146:17:SecondDrive_AbsoluteDifference	16	static
/Users/ehoi/STM32CubeIDE/line_tracer_2026/Main/Src/second_drive.c:152:17:SecondDrive_DistanceTolerance	24	static
/Users/ehoi/STM32CubeIDE/line_tracer_2026/Main/Src/second_drive.c:160:17:SecondDrive_BrakingSteps	24	static
/Users/ehoi/STM32CubeIDE/line_tracer_2026/Main/Src/second_drive.c:175:17:SecondDrive_TargetForSegment	16	static
/Users/ehoi/STM32CubeIDE/line_tracer_2026/Main/Src/second_drive.c:191:13:SecondDrive_IsFastGeometry	16	static
/Users/ehoi/STM32CubeIDE/line_tracer_2026/Main/Src/second_drive.c:197:13:SecondDrive_LoadSegmentStatus	24	static
/Users/ehoi/STM32CubeIDE/line_tracer_2026/Main/Src/second_drive.c:227:13:SecondDrive_MapIndexIsValid	16	static
/Users/ehoi/STM32CubeIDE/line_tracer_2026/Main/Src/second_drive.c:232:6:SecondDrivePlanner_MapIsStructurallyValid	24	static
/Users/ehoi/STM32CubeIDE/line_tracer_2026/Main/Src/second_drive.c:265:13:SecondDrive_SetExpectedEventIndex	16	static
/Users/ehoi/STM32CubeIDE/line_tracer_2026/Main/Src/second_drive.c:271:13:SecondDrive_EnterSeekCross	16	static
/Users/ehoi/STM32CubeIDE/line_tracer_2026/Main/Src/second_drive.c:286:13:SecondDrive_EventDirection	16	static
/Users/ehoi/STM32CubeIDE/line_tracer_2026/Main/Src/second_drive.c:303:13:SecondDrive_PublishPairState	4	static
/Users/ehoi/STM32CubeIDE/line_tracer_2026/Main/Src/second_drive.c:310:13:SecondDrive_ResetReplayPair	16	static
/Users/ehoi/STM32CubeIDE/line_tracer_2026/Main/Src/second_drive.c:322:13:SecondDrive_ApplyReplayPairEvent	24	static
/Users/ehoi/STM32CubeIDE/line_tracer_2026/Main/Src/second_drive.c:368:13:SecondDrive_IsFinalEndExpected	24	static
/Users/ehoi/STM32CubeIDE/line_tracer_2026/Main/Src/second_drive.c:384:13:SecondDrive_GeometryEvidenceAllowsFast	4	static
/Users/ehoi/STM32CubeIDE/line_tracer_2026/Main/Src/second_drive.c:396:13:SecondDrive_UpdateFastGate	24	static
/Users/ehoi/STM32CubeIDE/line_tracer_2026/Main/Src/second_drive.c:448:6:SecondDrivePlanner_Reset	128	static
/Users/ehoi/STM32CubeIDE/line_tracer_2026/Main/Src/second_drive.c:519:36:SecondDrive_EventMatchesExpected	40	static
/Users/ehoi/STM32CubeIDE/line_tracer_2026/Main/Src/second_drive.c:553:13:SecondDrive_ConfirmCrossAnchor	24	static
/Users/ehoi/STM32CubeIDE/line_tracer_2026/Main/Src/second_drive.c:573:13:SecondDrive_AdvanceAfterEvent	32	static
/Users/ehoi/STM32CubeIDE/line_tracer_2026/Main/Src/second_drive.c:597:13:SecondDrive_TryLocalCloseRepair	32	static
/Users/ehoi/STM32CubeIDE/line_tracer_2026/Main/Src/second_drive.c:694:39:SecondDrive_FindAnchorCandidate	64	static
/Users/ehoi/STM32CubeIDE/line_tracer_2026/Main/Src/second_drive.c:792:13:SecondDrive_TryResyncAtCross	24	static
/Users/ehoi/STM32CubeIDE/line_tracer_2026/Main/Src/second_drive.c:831:6:SecondDrivePlanner_OnEvent	24	static
/Users/ehoi/STM32CubeIDE/line_tracer_2026/Main/Src/second_drive.c:938:17:SecondDrive_DistanceToNextRestriction	72	static
/Users/ehoi/STM32CubeIDE/line_tracer_2026/Main/Src/second_drive.c:995:13:SecondDrive_DistanceToFinalEnd	64	static
/Users/ehoi/STM32CubeIDE/line_tracer_2026/Main/Src/second_drive.c:1029:17:SecondDrive_SetPlannerTarget	16	static
/Users/ehoi/STM32CubeIDE/line_tracer_2026/Main/Src/second_drive.c:1037:13:SecondDrive_IsCurvePhase	16	static
/Users/ehoi/STM32CubeIDE/line_tracer_2026/Main/Src/second_drive.c:1047:17:SecondDrive_GetPhaseTarget	16	static
/Users/ehoi/STM32CubeIDE/line_tracer_2026/Main/Src/second_drive.c:1073:13:SecondDrive_UpdateFinalExitOverride	24	static
/Users/ehoi/STM32CubeIDE/line_tracer_2026/Main/Src/second_drive.c:1107:33:SecondDrive_GetFastLimitReason	16	static
/Users/ehoi/STM32CubeIDE/line_tracer_2026/Main/Src/second_drive.c:1125:10:SecondDrivePlanner_GetTargetSps	160	static
/Users/ehoi/STM32CubeIDE/line_tracer_2026/Main/Src/second_drive.c:1379:13:SecondDrive_IncrementU32	16	static
/Users/ehoi/STM32CubeIDE/line_tracer_2026/Main/Src/second_drive.c:1386:13:SecondDrive_FinalizeLimiterEpisode	24	static
/Users/ehoi/STM32CubeIDE/line_tracer_2026/Main/Src/second_drive.c:1441:13:SecondDrive_RecordLimiterEpisodeSample	16	static
/Users/ehoi/STM32CubeIDE/line_tracer_2026/Main/Src/second_drive.c:1481:13:SecondDrive_AppendLimitTrace	32	static
/Users/ehoi/STM32CubeIDE/line_tracer_2026/Main/Src/second_drive.c:1524:6:SecondDrivePlanner_BeginRun	8	static
/Users/ehoi/STM32CubeIDE/line_tracer_2026/Main/Src/second_drive.c:1541:6:SecondDrivePlanner_RecordFinalTarget	56	static
/Users/ehoi/STM32CubeIDE/line_tracer_2026/Main/Src/second_drive.c:1573:6:SecondDrivePlanner_RecordMarkerReject	16	static
/Users/ehoi/STM32CubeIDE/line_tracer_2026/Main/Src/second_drive.c:1582:6:SecondDrivePlanner_RecordMarkerCandidateEpisode	24	static
/Users/ehoi/STM32CubeIDE/line_tracer_2026/Main/Src/second_drive.c:1648:6:SecondDrivePlanner_IsFinalEndCorridor	4	static
/Users/ehoi/STM32CubeIDE/line_tracer_2026/Main/Src/second_drive.c:1653:6:SecondDrivePlanner_RecordEndBrake	32	static
/Users/ehoi/STM32CubeIDE/line_tracer_2026/Main/Src/second_drive.c:1700:6:SecondDrivePlanner_RecordStopMode	16	static
/Users/ehoi/STM32CubeIDE/line_tracer_2026/Main/Src/second_drive.c:1716:6:SecondDrivePlanner_RecordBrakeCompletion	16	static
/Users/ehoi/STM32CubeIDE/line_tracer_2026/Main/Src/second_drive.c:1726:6:SecondDrivePlanner_FinalizeRunStats	16	static
/Users/ehoi/STM32CubeIDE/line_tracer_2026/Main/Src/second_drive.c:1745:6:SecondDrivePlanner_GetRunStats	16	static
/Users/ehoi/STM32CubeIDE/line_tracer_2026/Main/Src/second_drive.c:1755:6:SecondDrivePlanner_GetStatus	16	static
/Users/ehoi/STM32CubeIDE/line_tracer_2026/Main/Src/second_drive.c:1765:28:SecondDrive_GetConfig	4	static
/Users/ehoi/STM32CubeIDE/line_tracer_2026/Main/Src/second_drive.c:1770:10:SecondDrive_GetEffectiveStraightSps	4	static
/Users/ehoi/STM32CubeIDE/line_tracer_2026/Main/Src/second_drive.c:1775:10:SecondDrive_GetEffectiveCurveSps	4	static
/Users/ehoi/STM32CubeIDE/line_tracer_2026/Main/Src/second_drive.c:1780:10:SecondDrive_GetEffectiveApproachSps	4	static
/Users/ehoi/STM32CubeIDE/line_tracer_2026/Main/Src/second_drive.c:1785:10:SecondDrive_GetEffectiveExitSps	4	static
/Users/ehoi/STM32CubeIDE/line_tracer_2026/Main/Src/second_drive.c:1790:6:SecondDrive_SetStraightSps	16	static
/Users/ehoi/STM32CubeIDE/line_tracer_2026/Main/Src/second_drive.c:1802:6:SecondDrive_SetCurveSps	16	static
/Users/ehoi/STM32CubeIDE/line_tracer_2026/Main/Src/second_drive.c:1814:6:SecondDrive_SetOverallPercent	16	static
