/Users/ehoi/STM32CubeIDE/line_tracer_2026/Main/Src/second_drive.c:69:13:SecondDrive_StateAllowsConfiguration	16	static
/Users/ehoi/STM32CubeIDE/line_tracer_2026/Main/Src/second_drive.c:75:17:SecondDrive_ScalePerformanceSps	24	static
/Users/ehoi/STM32CubeIDE/line_tracer_2026/Main/Src/second_drive.c:105:17:SecondDrive_ScaleProfileValue	24	static
/Users/ehoi/STM32CubeIDE/line_tracer_2026/Main/Src/second_drive.c:113:13:SecondDrive_RecomputeEffectiveProfile	8	static
/Users/ehoi/STM32CubeIDE/line_tracer_2026/Main/Src/second_drive.c:127:13:SecondDrive_IncrementU8	16	static
/Users/ehoi/STM32CubeIDE/line_tracer_2026/Main/Src/second_drive.c:134:13:SecondDrive_IncrementU16	16	static
/Users/ehoi/STM32CubeIDE/line_tracer_2026/Main/Src/second_drive.c:141:17:SecondDrive_AbsoluteDifference	16	static
/Users/ehoi/STM32CubeIDE/line_tracer_2026/Main/Src/second_drive.c:147:17:SecondDrive_DistanceTolerance	24	static
/Users/ehoi/STM32CubeIDE/line_tracer_2026/Main/Src/second_drive.c:155:17:SecondDrive_BrakingSteps	24	static
/Users/ehoi/STM32CubeIDE/line_tracer_2026/Main/Src/second_drive.c:170:17:SecondDrive_TargetForSegment	16	static
/Users/ehoi/STM32CubeIDE/line_tracer_2026/Main/Src/second_drive.c:186:13:SecondDrive_IsFastGeometry	16	static
/Users/ehoi/STM32CubeIDE/line_tracer_2026/Main/Src/second_drive.c:192:13:SecondDrive_LoadSegmentStatus	24	static
/Users/ehoi/STM32CubeIDE/line_tracer_2026/Main/Src/second_drive.c:222:13:SecondDrive_MapIndexIsValid	16	static
/Users/ehoi/STM32CubeIDE/line_tracer_2026/Main/Src/second_drive.c:227:6:SecondDrivePlanner_MapIsStructurallyValid	24	static
/Users/ehoi/STM32CubeIDE/line_tracer_2026/Main/Src/second_drive.c:260:13:SecondDrive_SetExpectedEventIndex	16	static
/Users/ehoi/STM32CubeIDE/line_tracer_2026/Main/Src/second_drive.c:266:13:SecondDrive_EnterSeekCross	16	static
/Users/ehoi/STM32CubeIDE/line_tracer_2026/Main/Src/second_drive.c:281:13:SecondDrive_EventDirection	16	static
/Users/ehoi/STM32CubeIDE/line_tracer_2026/Main/Src/second_drive.c:298:13:SecondDrive_PublishPairState	4	static
/Users/ehoi/STM32CubeIDE/line_tracer_2026/Main/Src/second_drive.c:305:13:SecondDrive_ResetReplayPair	16	static
/Users/ehoi/STM32CubeIDE/line_tracer_2026/Main/Src/second_drive.c:317:13:SecondDrive_ApplyReplayPairEvent	24	static
/Users/ehoi/STM32CubeIDE/line_tracer_2026/Main/Src/second_drive.c:363:13:SecondDrive_IsFinalEndExpected	24	static
/Users/ehoi/STM32CubeIDE/line_tracer_2026/Main/Src/second_drive.c:379:13:SecondDrive_GeometryEvidenceAllowsFast	4	static
/Users/ehoi/STM32CubeIDE/line_tracer_2026/Main/Src/second_drive.c:391:13:SecondDrive_UpdateFastGate	24	static
/Users/ehoi/STM32CubeIDE/line_tracer_2026/Main/Src/second_drive.c:443:6:SecondDrivePlanner_Reset	104	static
/Users/ehoi/STM32CubeIDE/line_tracer_2026/Main/Src/second_drive.c:508:36:SecondDrive_EventMatchesExpected	40	static
/Users/ehoi/STM32CubeIDE/line_tracer_2026/Main/Src/second_drive.c:542:13:SecondDrive_ConfirmCrossAnchor	24	static
/Users/ehoi/STM32CubeIDE/line_tracer_2026/Main/Src/second_drive.c:562:13:SecondDrive_AdvanceAfterEvent	32	static
/Users/ehoi/STM32CubeIDE/line_tracer_2026/Main/Src/second_drive.c:586:13:SecondDrive_TryLocalCloseRepair	32	static
/Users/ehoi/STM32CubeIDE/line_tracer_2026/Main/Src/second_drive.c:683:39:SecondDrive_FindAnchorCandidate	64	static
/Users/ehoi/STM32CubeIDE/line_tracer_2026/Main/Src/second_drive.c:781:13:SecondDrive_TryResyncAtCross	24	static
/Users/ehoi/STM32CubeIDE/line_tracer_2026/Main/Src/second_drive.c:820:6:SecondDrivePlanner_OnEvent	24	static
/Users/ehoi/STM32CubeIDE/line_tracer_2026/Main/Src/second_drive.c:901:17:SecondDrive_DistanceToNextRestriction	72	static
/Users/ehoi/STM32CubeIDE/line_tracer_2026/Main/Src/second_drive.c:958:17:SecondDrive_SetPlannerTarget	16	static
/Users/ehoi/STM32CubeIDE/line_tracer_2026/Main/Src/second_drive.c:966:13:SecondDrive_IsCurvePhase	16	static
/Users/ehoi/STM32CubeIDE/line_tracer_2026/Main/Src/second_drive.c:976:17:SecondDrive_GetPhaseTarget	16	static
/Users/ehoi/STM32CubeIDE/line_tracer_2026/Main/Src/second_drive.c:1002:13:SecondDrive_UpdateFinalExitOverride	24	static
/Users/ehoi/STM32CubeIDE/line_tracer_2026/Main/Src/second_drive.c:1036:33:SecondDrive_GetFastLimitReason	16	static
/Users/ehoi/STM32CubeIDE/line_tracer_2026/Main/Src/second_drive.c:1054:10:SecondDrivePlanner_GetTargetSps	120	static
/Users/ehoi/STM32CubeIDE/line_tracer_2026/Main/Src/second_drive.c:1263:13:SecondDrive_IncrementU32	16	static
/Users/ehoi/STM32CubeIDE/line_tracer_2026/Main/Src/second_drive.c:1270:13:SecondDrive_AppendLimitTrace	32	static
/Users/ehoi/STM32CubeIDE/line_tracer_2026/Main/Src/second_drive.c:1308:6:SecondDrivePlanner_BeginRun	8	static
/Users/ehoi/STM32CubeIDE/line_tracer_2026/Main/Src/second_drive.c:1318:6:SecondDrivePlanner_RecordFinalTarget	56	static
/Users/ehoi/STM32CubeIDE/line_tracer_2026/Main/Src/second_drive.c:1349:6:SecondDrivePlanner_RecordMarkerReject	16	static
/Users/ehoi/STM32CubeIDE/line_tracer_2026/Main/Src/second_drive.c:1375:6:SecondDrivePlanner_IsFinalEndCorridor	4	static
/Users/ehoi/STM32CubeIDE/line_tracer_2026/Main/Src/second_drive.c:1380:6:SecondDrivePlanner_RecordEndBrake	32	static
/Users/ehoi/STM32CubeIDE/line_tracer_2026/Main/Src/second_drive.c:1417:6:SecondDrivePlanner_RecordBrakeCompletion	16	static
/Users/ehoi/STM32CubeIDE/line_tracer_2026/Main/Src/second_drive.c:1427:6:SecondDrivePlanner_FinalizeRunStats	16	static
/Users/ehoi/STM32CubeIDE/line_tracer_2026/Main/Src/second_drive.c:1437:6:SecondDrivePlanner_GetRunStats	16	static
/Users/ehoi/STM32CubeIDE/line_tracer_2026/Main/Src/second_drive.c:1447:6:SecondDrivePlanner_GetStatus	16	static
/Users/ehoi/STM32CubeIDE/line_tracer_2026/Main/Src/second_drive.c:1457:28:SecondDrive_GetConfig	4	static
/Users/ehoi/STM32CubeIDE/line_tracer_2026/Main/Src/second_drive.c:1462:10:SecondDrive_GetEffectiveStraightSps	4	static
/Users/ehoi/STM32CubeIDE/line_tracer_2026/Main/Src/second_drive.c:1467:10:SecondDrive_GetEffectiveCurveSps	4	static
/Users/ehoi/STM32CubeIDE/line_tracer_2026/Main/Src/second_drive.c:1472:10:SecondDrive_GetEffectiveApproachSps	4	static
/Users/ehoi/STM32CubeIDE/line_tracer_2026/Main/Src/second_drive.c:1477:10:SecondDrive_GetEffectiveExitSps	4	static
/Users/ehoi/STM32CubeIDE/line_tracer_2026/Main/Src/second_drive.c:1482:6:SecondDrive_SetStraightSps	16	static
/Users/ehoi/STM32CubeIDE/line_tracer_2026/Main/Src/second_drive.c:1494:6:SecondDrive_SetCurveSps	16	static
/Users/ehoi/STM32CubeIDE/line_tracer_2026/Main/Src/second_drive.c:1506:6:SecondDrive_SetOverallPercent	16	static
