/Users/ehoi/STM32CubeIDE/line_tracer/Main/Src/sensor.c:80:13:Sensor_PublishFrame	24	static,ignoring_inline_asm
/Users/ehoi/STM32CubeIDE/line_tracer/Main/Src/sensor.c:100:13:Sensor_CopyFrame	32	static,ignoring_inline_asm
/Users/ehoi/STM32CubeIDE/line_tracer/Main/Src/sensor.c:122:17:Sensor_Median3	24	static
/Users/ehoi/STM32CubeIDE/line_tracer/Main/Src/sensor.c:141:13:Sensor_CopyFilteredFrame	80	static
/Users/ehoi/STM32CubeIDE/line_tracer/Main/Src/sensor.c:167:17:Sensor_BlackQuantile	32	static
/Users/ehoi/STM32CubeIDE/line_tracer/Main/Src/sensor.c:192:17:Sensor_GetWhiteReference	32	static
/Users/ehoi/STM32CubeIDE/line_tracer/Main/Src/sensor.c:223:16:IR_GetPairIndex	16	static
/Users/ehoi/STM32CubeIDE/line_tracer/Main/Src/sensor.c:230:13:IR_Enable	32	static,ignoring_inline_asm
/Users/ehoi/STM32CubeIDE/line_tracer/Main/Src/sensor.c:260:13:IR_Disable	16	static
/Users/ehoi/STM32CubeIDE/line_tracer/Main/Src/sensor.c:266:13:IR_DisableAll	16	static
/Users/ehoi/STM32CubeIDE/line_tracer/Main/Src/sensor.c:275:6:HAL_TIM6_IRQ_Handler	16	static
/Users/ehoi/STM32CubeIDE/line_tracer/Main/Src/sensor.c:315:6:HAL_ADC1_IRQ_Handler	16	static
/Users/ehoi/STM32CubeIDE/line_tracer/Main/Src/sensor.c:345:6:Sensor_Start	16	static
/Users/ehoi/STM32CubeIDE/line_tracer/Main/Src/sensor.c:393:6:Sensor_Stop	8	static
/Users/ehoi/STM32CubeIDE/line_tracer/Main/Src/sensor.c:404:6:Sensor_IsRunning	4	static
/Users/ehoi/STM32CubeIDE/line_tracer/Main/Src/sensor.c:409:6:Sensor_SetLightMode	24	static
/Users/ehoi/STM32CubeIDE/line_tracer/Main/Src/sensor.c:426:6:Sensor_GetRaw	24	static,ignoring_inline_asm
/Users/ehoi/STM32CubeIDE/line_tracer/Main/Src/sensor.c:449:10:Sensor_GetSampleCount	4	static
/Users/ehoi/STM32CubeIDE/line_tracer/Main/Src/sensor.c:454:10:Sensor_GetFrameCount	4	static
/Users/ehoi/STM32CubeIDE/line_tracer/Main/Src/sensor.c:459:6:Sensor_GetFrameRawAfter	24	static,ignoring_inline_asm
/Users/ehoi/STM32CubeIDE/line_tracer/Main/Src/sensor.c:487:6:Sensor_GetFrameFilteredAfter	24	static,ignoring_inline_asm
/Users/ehoi/STM32CubeIDE/line_tracer/Main/Src/sensor.c:512:9:Sensor_GetLightPinStatus	16	static
/Users/ehoi/STM32CubeIDE/line_tracer/Main/Src/sensor.c:517:6:Sensor_CalibrationReset	16	static
/Users/ehoi/STM32CubeIDE/line_tracer/Main/Src/sensor.c:537:6:Sensor_CalibrationCaptureBlack	24	static
/Users/ehoi/STM32CubeIDE/line_tracer/Main/Src/sensor.c:562:6:Sensor_CalibrationFinishBlack	24	static
/Users/ehoi/STM32CubeIDE/line_tracer/Main/Src/sensor.c:584:6:Sensor_CalibrationCaptureWhite	40	static
/Users/ehoi/STM32CubeIDE/line_tracer/Main/Src/sensor.c:628:9:Sensor_GetCalibrationCoverageMask	16	static
/Users/ehoi/STM32CubeIDE/line_tracer/Main/Src/sensor.c:653:9:Sensor_CalibrationFinish	24	static
/Users/ehoi/STM32CubeIDE/line_tracer/Main/Src/sensor.c:686:6:Sensor_IsCalibrationComplete	4	static
/Users/ehoi/STM32CubeIDE/line_tracer/Main/Src/sensor.c:691:9:Sensor_GetCalibrationValidMask	4	static
/Users/ehoi/STM32CubeIDE/line_tracer/Main/Src/sensor.c:696:6:Sensor_GetCalibration	24	static
/Users/ehoi/STM32CubeIDE/line_tracer/Main/Src/sensor.c:707:6:Sensor_GetRawThresholds	32	static
/Users/ehoi/STM32CubeIDE/line_tracer/Main/Src/sensor.c:725:10:Sensor_NormalizeRaw	24	static
/Users/ehoi/STM32CubeIDE/line_tracer/Main/Src/sensor.c:751:6:Sensor_NormalizeFrame	32	static
/Users/ehoi/STM32CubeIDE/line_tracer/Main/Src/sensor.c:761:6:Sensor_GetNormalized	40	static,ignoring_inline_asm
/Users/ehoi/STM32CubeIDE/line_tracer/Main/Src/sensor.c:774:9:Sensor_ApplyStateHysteresis	24	static
/Users/ehoi/STM32CubeIDE/line_tracer/Main/Src/sensor.c:792:6:Sensor_StateReset	4	static
/Users/ehoi/STM32CubeIDE/line_tracer/Main/Src/sensor.c:797:9:Sensor_UpdateState	48	static
/Users/ehoi/STM32CubeIDE/line_tracer/Main/Src/sensor.c:839:16:Sensor_CountMaskBits	24	static
/Users/ehoi/STM32CubeIDE/line_tracer/Main/Src/sensor.c:850:13:Sensor_RefineLineCluster	56	static
/Users/ehoi/STM32CubeIDE/line_tracer/Main/Src/sensor.c:913:6:Sensor_UseLineCluster	24	static
/Users/ehoi/STM32CubeIDE/line_tracer/Main/Src/sensor.c:934:6:Sensor_UseLineMask	40	static
/Users/ehoi/STM32CubeIDE/line_tracer/Main/Src/sensor.c:1000:6:Sensor_GetLineMeasurement	40	static
/Users/ehoi/STM32CubeIDE/line_tracer/Main/Src/sensor.c:1044:6:Sensor_Test_Raw	4	static
/Users/ehoi/STM32CubeIDE/line_tracer/Main/Src/sensor.c:1048:6:Sensor_Test_Normalized	4	static
/Users/ehoi/STM32CubeIDE/line_tracer/Main/Src/sensor.c:1052:6:Sensor_Test_State	4	static
