/Users/ehoi/STM32CubeIDE/line_tracer_2026/Main/Src/track.c:65:16:Track_CountCenter	24	static
/Users/ehoi/STM32CubeIDE/line_tracer_2026/Main/Src/track.c:78:13:Track_IsActive	16	static
/Users/ehoi/STM32CubeIDE/line_tracer_2026/Main/Src/track.c:84:13:Track_ClearPending	16	static
/Users/ehoi/STM32CubeIDE/line_tracer_2026/Main/Src/track.c:93:13:Track_StartPending	24	static
/Users/ehoi/STM32CubeIDE/line_tracer_2026/Main/Src/track.c:107:26:Track_ClassifyPending	16	static
/Users/ehoi/STM32CubeIDE/line_tracer_2026/Main/Src/track.c:128:16:Track_CalculateEventConfidence	24	static
/Users/ehoi/STM32CubeIDE/line_tracer_2026/Main/Src/track.c:152:13:Track_BuildCompletedEvent	72	static
/Users/ehoi/STM32CubeIDE/line_tracer_2026/Main/Src/track.c:201:13:Track_StoreEvent	24	static
/Users/ehoi/STM32CubeIDE/line_tracer_2026/Main/Src/track.c:214:13:Track_UpdateLastStoredCross	32	static
/Users/ehoi/STM32CubeIDE/line_tracer_2026/Main/Src/track.c:230:17:Track_MaxU16	16	static
/Users/ehoi/STM32CubeIDE/line_tracer_2026/Main/Src/track.c:235:13:Track_MergeCrossTail	16	static
/Users/ehoi/STM32CubeIDE/line_tracer_2026/Main/Src/track.c:262:13:Track_IsCrossTailCandidate	32	static
/Users/ehoi/STM32CubeIDE/line_tracer_2026/Main/Src/track.c:290:13:Track_ExpireCrossTailIfNeeded	16	static
/Users/ehoi/STM32CubeIDE/line_tracer_2026/Main/Src/track.c:310:29:Track_CompleteCandidate	80	static
/Users/ehoi/STM32CubeIDE/line_tracer_2026/Main/Src/track.c:375:29:Track_ProcessInternal	72	static
/Users/ehoi/STM32CubeIDE/line_tracer_2026/Main/Src/track.c:480:29:Track_FlushInternal	56	static
/Users/ehoi/STM32CubeIDE/line_tracer_2026/Main/Src/track.c:491:6:Track_Reset	8	static
/Users/ehoi/STM32CubeIDE/line_tracer_2026/Main/Src/track.c:507:6:Track_SetStartIgnoreSteps	16	static
/Users/ehoi/STM32CubeIDE/line_tracer_2026/Main/Src/track.c:512:22:Track_ProcessSensor	32	static
/Users/ehoi/STM32CubeIDE/line_tracer_2026/Main/Src/track.c:519:22:Track_Flush	8	static
/Users/ehoi/STM32CubeIDE/line_tracer_2026/Main/Src/track.c:524:27:Track_GetLastEvent	4	static
/Users/ehoi/STM32CubeIDE/line_tracer_2026/Main/Src/track.c:529:6:Track_ReplayReset	8	static
/Users/ehoi/STM32CubeIDE/line_tracer_2026/Main/Src/track.c:534:22:Track_ProcessReplaySensor	32	static
/Users/ehoi/STM32CubeIDE/line_tracer_2026/Main/Src/track.c:541:27:Track_GetLastReplayEvent	4	static
/Users/ehoi/STM32CubeIDE/line_tracer_2026/Main/Src/track.c:546:6:Track_GetCollectorDiagnostics	24	static
/Users/ehoi/STM32CubeIDE/line_tracer_2026/Main/Src/track.c:568:10:Track_GetEventCount	4	static
/Users/ehoi/STM32CubeIDE/line_tracer_2026/Main/Src/track.c:573:10:Track_GetSegmentCount	4	static
/Users/ehoi/STM32CubeIDE/line_tracer_2026/Main/Src/track.c:578:27:Track_GetEvent	16	static
/Users/ehoi/STM32CubeIDE/line_tracer_2026/Main/Src/track.c:583:23:Track_GetSegment	16	static
/Users/ehoi/STM32CubeIDE/line_tracer_2026/Main/Src/track.c:588:10:Track_GetCrossAnchorCount	4	static
/Users/ehoi/STM32CubeIDE/line_tracer_2026/Main/Src/track.c:593:27:Track_GetCrossAnchor	16	static
/Users/ehoi/STM32CubeIDE/line_tracer_2026/Main/Src/track.c:598:27:Track_FindCrossAnchorByEventIndex	24	static
/Users/ehoi/STM32CubeIDE/line_tracer_2026/Main/Src/track.c:610:6:Track_HasOverflow	4	static
/Users/ehoi/STM32CubeIDE/line_tracer_2026/Main/Src/track.c:615:6:Track_HasAnchorOverflow	4	static
/Users/ehoi/STM32CubeIDE/line_tracer_2026/Main/Src/track.c:620:6:Track_GetMapPairDiagnostics	16	static
/Users/ehoi/STM32CubeIDE/line_tracer_2026/Main/Src/track.c:628:27:Track_SegmentTypeFromEvent	32	static
/Users/ehoi/STM32CubeIDE/line_tracer_2026/Main/Src/track.c:660:16:Track_CalculateCurveUnits	32	static
/Users/ehoi/STM32CubeIDE/line_tracer_2026/Main/Src/track.c:693:13:Track_AddCrossAnchor	32	static
/Users/ehoi/STM32CubeIDE/line_tracer_2026/Main/Src/track.c:717:6:Track_FinalizeSegments	40	static
