/Users/ehoi/STM32CubeIDE/line_tracer/Main/Src/track.c:48:16:Track_CountCenter	24	static
/Users/ehoi/STM32CubeIDE/line_tracer/Main/Src/track.c:61:13:Track_IsActive	16	static
/Users/ehoi/STM32CubeIDE/line_tracer/Main/Src/track.c:67:13:Track_StartPending	16	static
/Users/ehoi/STM32CubeIDE/line_tracer/Main/Src/track.c:77:26:Track_ClassifyPending	16	static
/Users/ehoi/STM32CubeIDE/line_tracer/Main/Src/track.c:98:16:Track_CalculateConfidence	24	static
/Users/ehoi/STM32CubeIDE/line_tracer/Main/Src/track.c:118:13:Track_FinishPending	72	static
/Users/ehoi/STM32CubeIDE/line_tracer/Main/Src/track.c:165:6:Track_Reset	8	static
/Users/ehoi/STM32CubeIDE/line_tracer/Main/Src/track.c:179:6:Track_SetStartIgnoreSteps	16	static
/Users/ehoi/STM32CubeIDE/line_tracer/Main/Src/track.c:184:6:Track_ProcessSensor	32	static
/Users/ehoi/STM32CubeIDE/line_tracer/Main/Src/track.c:264:13:Track_ProcessReplayInternal	32	static
/Users/ehoi/STM32CubeIDE/line_tracer/Main/Src/track.c:351:6:Track_Flush	8	static
/Users/ehoi/STM32CubeIDE/line_tracer/Main/Src/track.c:357:27:Track_GetLastEvent	4	static
/Users/ehoi/STM32CubeIDE/line_tracer/Main/Src/track.c:362:6:Track_ReplayReset	8	static
/Users/ehoi/STM32CubeIDE/line_tracer/Main/Src/track.c:369:6:Track_ProcessReplaySensor	24	static
/Users/ehoi/STM32CubeIDE/line_tracer/Main/Src/track.c:375:27:Track_GetLastReplayEvent	4	static
/Users/ehoi/STM32CubeIDE/line_tracer/Main/Src/track.c:380:10:Track_GetEventCount	4	static
/Users/ehoi/STM32CubeIDE/line_tracer/Main/Src/track.c:385:10:Track_GetSegmentCount	4	static
/Users/ehoi/STM32CubeIDE/line_tracer/Main/Src/track.c:390:27:Track_GetEvent	16	static
/Users/ehoi/STM32CubeIDE/line_tracer/Main/Src/track.c:395:23:Track_GetSegment	16	static
/Users/ehoi/STM32CubeIDE/line_tracer/Main/Src/track.c:400:6:Track_HasOverflow	4	static
/Users/ehoi/STM32CubeIDE/line_tracer/Main/Src/track.c:405:27:Track_SegmentTypeFromEvent	32	static
/Users/ehoi/STM32CubeIDE/line_tracer/Main/Src/track.c:437:6:Track_FinalizeSegments	24	static
